
--- 2026-09-01T05:23:26.288Z debug
🪵  Writing logs to "/home/user/.config/.wrangler/logs/wrangler-2026-09-01_05-23-26_174.log"
---

--- 2026-09-01T05:23:26.288Z debug
Metrics dispatcher: Posting data {"deviceId":"0a9a9264-be0c-4509-9b99-28a1eaf647a5","event":"wrangler command started","timestamp":1788240206287,"properties":{"amplitude_session_id":1788240206285,"amplitude_event_id":0,"wranglerVersion":"3.114.17","osPlatform":"Linux","osVersion":"#1 SMP PREEMPT_DYNAMIC Fri Jul 17 14:31:34 UTC 2026","nodeVersion":20,"packageManager":"npm","isFirstUsage":true,"configFileType":"toml","isCI":false,"isPagesCI":false,"isWorkersCI":false,"isInteractive":false,"hasAssets":false,"argsUsed":[],"argsCombination":"","command":"wrangler login","args":{}}}
---

--- 2026-09-01T05:23:26.296Z debug
.env file not found at ".env". Continuing... For more details, refer to https://developers.cloudflare.com/workers/wrangler/system-environment-variables/
---

--- 2026-09-01T05:23:26.715Z log

 ⛅️ wrangler 3.114.17 (update available 4.127.1)
------------------------------------------------

---

--- 2026-09-01T05:23:26.756Z warn
▲ [WARNING] The version of Wrangler you are using is now out-of-date.

  Please update to the latest version to prevent critical errors.
  Run `npm install --save-dev wrangler@4` to update to the latest version.
  After installation, run Wrangler with `npx wrangler`.


---

--- 2026-09-01T05:23:26.761Z log
Attempting to login via OAuth...
---

--- 2026-09-01T05:23:26.764Z log
Opening a link in your default browser: https://dash.cloudflare.com/oauth2/auth?response_type=code&client_id=54d11594-84e4-41aa-b438-e81b8fa78ee7&redirect_uri=http%3A%2F%2Flocalhost%3A8976%2Foauth%2Fcallback&scope=account%3Aread%20user%3Aread%20workers%3Awrite%20workers_kv%3Awrite%20workers_routes%3Awrite%20workers_scripts%3Awrite%20workers_tail%3Aread%20d1%3Awrite%20pages%3Awrite%20zone%3Aread%20ssl_certs%3Awrite%20ai%3Awrite%20queues%3Awrite%20pipelines%3Awrite%20offline_access&state=LhIqmA_CcFCWAhNdNNGS7_w3zl.3k6Os&code_challenge=g2hcw6edD9TCN78WjN48ETC1nMhWAMVKyd_EI6Q5ELQ&code_challenge_method=S256
---
