
--- 2026-09-01T05:29:14.159Z debug
🪵  Writing logs to "/home/user/.config/.wrangler/logs/wrangler-2026-09-01_05-29-14_072.log"
---

--- 2026-09-01T05:29:14.159Z debug
Metrics dispatcher: Posting data {"deviceId":"0a9a9264-be0c-4509-9b99-28a1eaf647a5","event":"wrangler command started","timestamp":1788240554159,"properties":{"amplitude_session_id":1788240554158,"amplitude_event_id":0,"wranglerVersion":"3.114.17","osPlatform":"Linux","osVersion":"#1 SMP PREEMPT_DYNAMIC Fri Jul 17 14:31:34 UTC 2026","nodeVersion":20,"packageManager":"npm","isFirstUsage":false,"configFileType":"toml","isCI":false,"isPagesCI":false,"isWorkersCI":false,"isInteractive":false,"hasAssets":false,"argsUsed":[],"argsCombination":"","command":"wrangler secret put","args":{}}}
---

--- 2026-09-01T05:29:14.168Z debug
.env file not found at ".env". Continuing... For more details, refer to https://developers.cloudflare.com/workers/wrangler/system-environment-variables/
---

--- 2026-09-01T05:29:14.208Z log

 ⛅️ wrangler 3.114.17 (update available 4.127.1)
------------------------------------------------

---

--- 2026-09-01T05:29:14.247Z warn
▲ [WARNING] The version of Wrangler you are using is now out-of-date.

  Please update to the latest version to prevent critical errors.
  Run `npm install --save-dev wrangler@4` to update to the latest version.
  After installation, run Wrangler with `npx wrangler`.


---

--- 2026-09-01T05:29:14.253Z debug
-- START CF API REQUEST: GET https://api.cloudflare.com/client/v4/memberships?page=1
---

--- 2026-09-01T05:29:14.253Z debug
HEADERS: omitted; set WRANGLER_LOG_SANITIZE=false to include sanitized data
---

--- 2026-09-01T05:29:14.253Z debug
INIT: omitted; set WRANGLER_LOG_SANITIZE=false to include sanitized data
---

--- 2026-09-01T05:29:14.253Z debug
-- END CF API REQUEST
---

--- 2026-09-01T05:29:14.352Z debug
-- START CF API RESPONSE: Forbidden 403
---

--- 2026-09-01T05:29:14.353Z debug
HEADERS: omitted; set WRANGLER_LOG_SANITIZE=false to include sanitized data
---

--- 2026-09-01T05:29:14.353Z debug
RESPONSE: omitted; set WRANGLER_LOG_SANITIZE=false to include sanitized data
---

--- 2026-09-01T05:29:14.353Z debug
-- END CF API RESPONSE
---

--- 2026-09-01T05:29:14.355Z log

---

--- 2026-09-01T05:29:14.356Z error
✘ [ERROR] A request to the Cloudflare API (/memberships) failed.

  Authentication error [code: 10000]
  To learn more about this error, visit: https://developers.cloudflare.com/api/resources/memberships/methods/list


---

--- 2026-09-01T05:29:14.356Z log
📎 It looks like you are authenticating Wrangler via a custom API token set in an environment variable.
Please ensure it has the correct permissions for this operation.

---

--- 2026-09-01T05:29:14.357Z log
Getting User settings...
---

--- 2026-09-01T05:29:14.357Z debug
-- START CF API REQUEST: GET https://api.cloudflare.com/client/v4/user/tokens/verify
---

--- 2026-09-01T05:29:14.357Z debug
HEADERS: omitted; set WRANGLER_LOG_SANITIZE=false to include sanitized data
---

--- 2026-09-01T05:29:14.357Z debug
INIT: omitted; set WRANGLER_LOG_SANITIZE=false to include sanitized data
---

--- 2026-09-01T05:29:14.357Z debug
-- END CF API REQUEST
---

--- 2026-09-01T05:29:14.418Z debug
-- START CF API RESPONSE: OK 200
---

--- 2026-09-01T05:29:14.418Z debug
HEADERS: omitted; set WRANGLER_LOG_SANITIZE=false to include sanitized data
---

--- 2026-09-01T05:29:14.418Z debug
RESPONSE: omitted; set WRANGLER_LOG_SANITIZE=false to include sanitized data
---

--- 2026-09-01T05:29:14.418Z debug
-- END CF API RESPONSE
---

--- 2026-09-01T05:29:14.419Z debug
-- START CF API REQUEST: GET https://api.cloudflare.com/client/v4/user
---

--- 2026-09-01T05:29:14.419Z debug
HEADERS: omitted; set WRANGLER_LOG_SANITIZE=false to include sanitized data
---

--- 2026-09-01T05:29:14.419Z debug
INIT: omitted; set WRANGLER_LOG_SANITIZE=false to include sanitized data
---

--- 2026-09-01T05:29:14.419Z debug
-- END CF API REQUEST
---

--- 2026-09-01T05:29:14.518Z debug
-- START CF API RESPONSE: Forbidden 403
---

--- 2026-09-01T05:29:14.518Z debug
HEADERS: omitted; set WRANGLER_LOG_SANITIZE=false to include sanitized data
---

--- 2026-09-01T05:29:14.518Z debug
RESPONSE: omitted; set WRANGLER_LOG_SANITIZE=false to include sanitized data
---

--- 2026-09-01T05:29:14.518Z debug
-- END CF API RESPONSE
---

--- 2026-09-01T05:29:14.518Z debug
-- START CF API REQUEST: GET https://api.cloudflare.com/client/v4/accounts?page=1
---

--- 2026-09-01T05:29:14.518Z debug
HEADERS: omitted; set WRANGLER_LOG_SANITIZE=false to include sanitized data
---

--- 2026-09-01T05:29:14.518Z debug
INIT: omitted; set WRANGLER_LOG_SANITIZE=false to include sanitized data
---

--- 2026-09-01T05:29:14.518Z debug
-- END CF API REQUEST
---

--- 2026-09-01T05:29:14.648Z debug
-- START CF API RESPONSE: OK 200
---

--- 2026-09-01T05:29:14.648Z debug
HEADERS: omitted; set WRANGLER_LOG_SANITIZE=false to include sanitized data
---

--- 2026-09-01T05:29:14.648Z debug
RESPONSE: omitted; set WRANGLER_LOG_SANITIZE=false to include sanitized data
---

--- 2026-09-01T05:29:14.648Z debug
-- END CF API RESPONSE
---

--- 2026-09-01T05:29:14.648Z log
ℹ️  The API Token is read from the CLOUDFLARE_API_TOKEN environment variable.
---

--- 2026-09-01T05:29:14.649Z log
👋 You are logged in with an User API Token. Unable to retrieve email for this user. Are you missing the `User->User Details->Read` permission?
---

--- 2026-09-01T05:29:14.653Z log
┌───────────────────────────────┬──────────────────────────────────┐
│ Account Name                  │ Account ID                       │
├───────────────────────────────┼──────────────────────────────────┤
│ Phaaslani@gmail.com's Account │ 7984a6a0a07a0841e6b088ee580fe4be │
└───────────────────────────────┴──────────────────────────────────┘
---

--- 2026-09-01T05:29:14.653Z log
🔓 To see token permissions visit https://dash.cloudflare.com/profile/api-tokens.
---

--- 2026-09-01T05:29:14.654Z debug
Metrics dispatcher: Posting data {"deviceId":"0a9a9264-be0c-4509-9b99-28a1eaf647a5","event":"wrangler command errored","timestamp":1788240554654,"properties":{"amplitude_session_id":1788240554158,"amplitude_event_id":1,"wranglerVersion":"3.114.17","osPlatform":"Linux","osVersion":"#1 SMP PREEMPT_DYNAMIC Fri Jul 17 14:31:34 UTC 2026","nodeVersion":20,"packageManager":"npm","isFirstUsage":false,"configFileType":"toml","isCI":false,"isPagesCI":false,"isWorkersCI":false,"isInteractive":false,"hasAssets":false,"argsUsed":[],"argsCombination":"","command":"wrangler secret put","args":{},"durationMs":516,"durationSeconds":0.516,"durationMinutes":0.0086,"errorType":"AuthenticationError"}}
---
