
--- 2026-09-01T05:29:09.348Z debug
🪵  Writing logs to "/home/user/.config/.wrangler/logs/wrangler-2026-09-01_05-29-09_263.log"
---

--- 2026-09-01T05:29:09.348Z debug
Metrics dispatcher: Posting data {"deviceId":"0a9a9264-be0c-4509-9b99-28a1eaf647a5","event":"wrangler command started","timestamp":1788240549348,"properties":{"amplitude_session_id":1788240549346,"amplitude_event_id":0,"wranglerVersion":"3.114.17","osPlatform":"Linux","osVersion":"#1 SMP PREEMPT_DYNAMIC Fri Jul 17 14:31:34 UTC 2026","nodeVersion":20,"packageManager":"npm","isFirstUsage":false,"configFileType":"toml","isCI":false,"isPagesCI":false,"isWorkersCI":false,"isInteractive":false,"hasAssets":false,"argsUsed":[],"argsCombination":"","command":"wrangler whoami","args":{}}}
---

--- 2026-09-01T05:29:09.357Z debug
.env file not found at ".env". Continuing... For more details, refer to https://developers.cloudflare.com/workers/wrangler/system-environment-variables/
---

--- 2026-09-01T05:29:09.398Z log

 ⛅️ wrangler 3.114.17 (update available 4.127.1)
------------------------------------------------

---

--- 2026-09-01T05:29:09.445Z warn
▲ [WARNING] The version of Wrangler you are using is now out-of-date.

  Please update to the latest version to prevent critical errors.
  Run `npm install --save-dev wrangler@4` to update to the latest version.
  After installation, run Wrangler with `npx wrangler`.


---

--- 2026-09-01T05:29:09.450Z log
Getting User settings...
---

--- 2026-09-01T05:29:09.451Z debug
-- START CF API REQUEST: GET https://api.cloudflare.com/client/v4/user/tokens/verify
---

--- 2026-09-01T05:29:09.451Z debug
HEADERS: omitted; set WRANGLER_LOG_SANITIZE=false to include sanitized data
---

--- 2026-09-01T05:29:09.451Z debug
INIT: omitted; set WRANGLER_LOG_SANITIZE=false to include sanitized data
---

--- 2026-09-01T05:29:09.451Z debug
-- END CF API REQUEST
---

--- 2026-09-01T05:29:09.562Z debug
-- START CF API RESPONSE: OK 200
---

--- 2026-09-01T05:29:09.563Z debug
HEADERS: omitted; set WRANGLER_LOG_SANITIZE=false to include sanitized data
---

--- 2026-09-01T05:29:09.563Z debug
RESPONSE: omitted; set WRANGLER_LOG_SANITIZE=false to include sanitized data
---

--- 2026-09-01T05:29:09.563Z debug
-- END CF API RESPONSE
---

--- 2026-09-01T05:29:09.564Z debug
-- START CF API REQUEST: GET https://api.cloudflare.com/client/v4/user
---

--- 2026-09-01T05:29:09.564Z debug
HEADERS: omitted; set WRANGLER_LOG_SANITIZE=false to include sanitized data
---

--- 2026-09-01T05:29:09.564Z debug
INIT: omitted; set WRANGLER_LOG_SANITIZE=false to include sanitized data
---

--- 2026-09-01T05:29:09.564Z debug
-- END CF API REQUEST
---

--- 2026-09-01T05:29:09.718Z debug
-- START CF API RESPONSE: Forbidden 403
---

--- 2026-09-01T05:29:09.718Z debug
HEADERS: omitted; set WRANGLER_LOG_SANITIZE=false to include sanitized data
---

--- 2026-09-01T05:29:09.718Z debug
RESPONSE: omitted; set WRANGLER_LOG_SANITIZE=false to include sanitized data
---

--- 2026-09-01T05:29:09.718Z debug
-- END CF API RESPONSE
---

--- 2026-09-01T05:29:09.719Z debug
-- START CF API REQUEST: GET https://api.cloudflare.com/client/v4/accounts?page=1
---

--- 2026-09-01T05:29:09.719Z debug
HEADERS: omitted; set WRANGLER_LOG_SANITIZE=false to include sanitized data
---

--- 2026-09-01T05:29:09.719Z debug
INIT: omitted; set WRANGLER_LOG_SANITIZE=false to include sanitized data
---

--- 2026-09-01T05:29:09.719Z debug
-- END CF API REQUEST
---

--- 2026-09-01T05:29:09.864Z debug
-- START CF API RESPONSE: OK 200
---

--- 2026-09-01T05:29:09.865Z debug
HEADERS: omitted; set WRANGLER_LOG_SANITIZE=false to include sanitized data
---

--- 2026-09-01T05:29:09.865Z debug
RESPONSE: omitted; set WRANGLER_LOG_SANITIZE=false to include sanitized data
---

--- 2026-09-01T05:29:09.868Z debug
-- END CF API RESPONSE
---

--- 2026-09-01T05:29:09.868Z log
ℹ️  The API Token is read from the CLOUDFLARE_API_TOKEN environment variable.
---

--- 2026-09-01T05:29:09.868Z log
👋 You are logged in with an User API Token. Unable to retrieve email for this user. Are you missing the `User->User Details->Read` permission?
---

--- 2026-09-01T05:29:09.872Z log
┌───────────────────────────────┬──────────────────────────────────┐
│ Account Name                  │ Account ID                       │
├───────────────────────────────┼──────────────────────────────────┤
│ Phaaslani@gmail.com's Account │ 7984a6a0a07a0841e6b088ee580fe4be │
└───────────────────────────────┴──────────────────────────────────┘
---

--- 2026-09-01T05:29:09.873Z log
🔓 To see token permissions visit https://dash.cloudflare.com/profile/api-tokens.
---

--- 2026-09-01T05:29:09.873Z debug
Metrics dispatcher: Posting data {"deviceId":"0a9a9264-be0c-4509-9b99-28a1eaf647a5","event":"view accounts","timestamp":1788240549873,"properties":{"category":"Workers","wranglerVersion":"3.114.17","os":"linux:x64"}}
---

--- 2026-09-01T05:29:09.874Z debug
Metrics dispatcher: Posting data {"deviceId":"0a9a9264-be0c-4509-9b99-28a1eaf647a5","event":"wrangler command completed","timestamp":1788240549874,"properties":{"amplitude_session_id":1788240549346,"amplitude_event_id":1,"wranglerVersion":"3.114.17","osPlatform":"Linux","osVersion":"#1 SMP PREEMPT_DYNAMIC Fri Jul 17 14:31:34 UTC 2026","nodeVersion":20,"packageManager":"npm","isFirstUsage":false,"configFileType":"toml","isCI":false,"isPagesCI":false,"isWorkersCI":false,"isInteractive":false,"hasAssets":false,"argsUsed":[],"argsCombination":"","command":"wrangler whoami","args":{},"durationMs":545,"durationSeconds":0.545,"durationMinutes":0.009083333333333334}}
---
