
--- 2026-09-01T05:29:24.686Z debug
🪵  Writing logs to "/home/user/.config/.wrangler/logs/wrangler-2026-09-01_05-29-24_493.log"
---

--- 2026-09-01T05:29:24.686Z log

Cloudflare collects anonymous telemetry about your usage of Wrangler. Learn more at https://github.com/cloudflare/workers-sdk/tree/main/packages/wrangler/telemetry.md
---

--- 2026-09-01T05:29:24.696Z debug
Metrics dispatcher: Posting data {"deviceId":"0a9a9264-be0c-4509-9b99-28a1eaf647a5","event":"wrangler command started","timestamp":1788240564696,"properties":{"amplitude_session_id":1788240564685,"amplitude_event_id":0,"wranglerVersion":"3.114.17","osPlatform":"Linux","osVersion":"#1 SMP PREEMPT_DYNAMIC Fri Jul 17 14:31:34 UTC 2026","nodeVersion":20,"packageManager":"npm","isFirstUsage":false,"configFileType":"toml","isCI":false,"isPagesCI":false,"isWorkersCI":false,"isInteractive":false,"hasAssets":false,"argsUsed":[],"argsCombination":"","command":"wrangler deploy","args":{}}}
---

--- 2026-09-01T05:29:24.711Z debug
.env file not found at ".env". Continuing... For more details, refer to https://developers.cloudflare.com/workers/wrangler/system-environment-variables/
---

--- 2026-09-01T05:29:24.826Z log

 ⛅️ wrangler 3.114.17 (update available 4.127.1)
------------------------------------------------

---

--- 2026-09-01T05:29:24.868Z warn
▲ [WARNING] The version of Wrangler you are using is now out-of-date.

  Please update to the latest version to prevent critical errors.
  Run `npm install --save-dev wrangler@4` to update to the latest version.
  After installation, run Wrangler with `npx wrangler`.


---

--- 2026-09-01T05:29:24.947Z debug
-- START CF API REQUEST: GET https://api.cloudflare.com/client/v4/memberships?page=1
---

--- 2026-09-01T05:29:24.947Z debug
HEADERS: omitted; set WRANGLER_LOG_SANITIZE=false to include sanitized data
---

--- 2026-09-01T05:29:24.947Z debug
INIT: omitted; set WRANGLER_LOG_SANITIZE=false to include sanitized data
---

--- 2026-09-01T05:29:24.947Z debug
-- END CF API REQUEST
---

--- 2026-09-01T05:29:25.041Z debug
-- START CF API RESPONSE: Forbidden 403
---

--- 2026-09-01T05:29:25.041Z debug
HEADERS: omitted; set WRANGLER_LOG_SANITIZE=false to include sanitized data
---

--- 2026-09-01T05:29:25.041Z debug
RESPONSE: omitted; set WRANGLER_LOG_SANITIZE=false to include sanitized data
---

--- 2026-09-01T05:29:25.041Z debug
-- END CF API RESPONSE
---

--- 2026-09-01T05:29:25.043Z log

---

--- 2026-09-01T05:29:25.053Z error
✘ [ERROR] A request to the Cloudflare API (/memberships) failed.

  Authentication error [code: 10000]
  To learn more about this error, visit: https://developers.cloudflare.com/api/resources/memberships/methods/list


---

--- 2026-09-01T05:29:25.054Z log
📎 It looks like you are authenticating Wrangler via a custom API token set in an environment variable.
Please ensure it has the correct permissions for this operation.

---

--- 2026-09-01T05:29:25.054Z log
Getting User settings...
---

--- 2026-09-01T05:29:25.054Z debug
-- START CF API REQUEST: GET https://api.cloudflare.com/client/v4/user/tokens/verify
---

--- 2026-09-01T05:29:25.054Z debug
HEADERS: omitted; set WRANGLER_LOG_SANITIZE=false to include sanitized data
---

--- 2026-09-01T05:29:25.054Z debug
INIT: omitted; set WRANGLER_LOG_SANITIZE=false to include sanitized data
---

--- 2026-09-01T05:29:25.054Z debug
-- END CF API REQUEST
---

--- 2026-09-01T05:29:25.133Z debug
-- START CF API RESPONSE: OK 200
---

--- 2026-09-01T05:29:25.134Z debug
HEADERS: omitted; set WRANGLER_LOG_SANITIZE=false to include sanitized data
---

--- 2026-09-01T05:29:25.134Z debug
RESPONSE: omitted; set WRANGLER_LOG_SANITIZE=false to include sanitized data
---

--- 2026-09-01T05:29:25.134Z debug
-- END CF API RESPONSE
---

--- 2026-09-01T05:29:25.134Z debug
-- START CF API REQUEST: GET https://api.cloudflare.com/client/v4/user
---

--- 2026-09-01T05:29:25.134Z debug
HEADERS: omitted; set WRANGLER_LOG_SANITIZE=false to include sanitized data
---

--- 2026-09-01T05:29:25.134Z debug
INIT: omitted; set WRANGLER_LOG_SANITIZE=false to include sanitized data
---

--- 2026-09-01T05:29:25.134Z debug
-- END CF API REQUEST
---

--- 2026-09-01T05:29:25.201Z debug
-- START CF API RESPONSE: Forbidden 403
---

--- 2026-09-01T05:29:25.201Z debug
HEADERS: omitted; set WRANGLER_LOG_SANITIZE=false to include sanitized data
---

--- 2026-09-01T05:29:25.201Z debug
RESPONSE: omitted; set WRANGLER_LOG_SANITIZE=false to include sanitized data
---

--- 2026-09-01T05:29:25.201Z debug
-- END CF API RESPONSE
---

--- 2026-09-01T05:29:25.202Z debug
-- START CF API REQUEST: GET https://api.cloudflare.com/client/v4/accounts?page=1
---

--- 2026-09-01T05:29:25.202Z debug
HEADERS: omitted; set WRANGLER_LOG_SANITIZE=false to include sanitized data
---

--- 2026-09-01T05:29:25.202Z debug
INIT: omitted; set WRANGLER_LOG_SANITIZE=false to include sanitized data
---

--- 2026-09-01T05:29:25.202Z debug
-- END CF API REQUEST
---

--- 2026-09-01T05:29:25.327Z debug
-- START CF API RESPONSE: OK 200
---

--- 2026-09-01T05:29:25.327Z debug
HEADERS: omitted; set WRANGLER_LOG_SANITIZE=false to include sanitized data
---

--- 2026-09-01T05:29:25.327Z debug
RESPONSE: omitted; set WRANGLER_LOG_SANITIZE=false to include sanitized data
---

--- 2026-09-01T05:29:25.327Z debug
-- END CF API RESPONSE
---

--- 2026-09-01T05:29:25.328Z log
ℹ️  The API Token is read from the CLOUDFLARE_API_TOKEN environment variable.
---

--- 2026-09-01T05:29:25.328Z log
👋 You are logged in with an User API Token. Unable to retrieve email for this user. Are you missing the `User->User Details->Read` permission?
---

--- 2026-09-01T05:29:25.332Z log
┌───────────────────────────────┬──────────────────────────────────┐
│ Account Name                  │ Account ID                       │
├───────────────────────────────┼──────────────────────────────────┤
│ Phaaslani@gmail.com's Account │ 7984a6a0a07a0841e6b088ee580fe4be │
└───────────────────────────────┴──────────────────────────────────┘
---

--- 2026-09-01T05:29:25.332Z log
🔓 To see token permissions visit https://dash.cloudflare.com/profile/api-tokens.
---

--- 2026-09-01T05:29:25.333Z debug
Metrics dispatcher: Posting data {"deviceId":"0a9a9264-be0c-4509-9b99-28a1eaf647a5","event":"wrangler command errored","timestamp":1788240565333,"properties":{"amplitude_session_id":1788240564685,"amplitude_event_id":1,"wranglerVersion":"3.114.17","osPlatform":"Linux","osVersion":"#1 SMP PREEMPT_DYNAMIC Fri Jul 17 14:31:34 UTC 2026","nodeVersion":20,"packageManager":"npm","isFirstUsage":false,"configFileType":"toml","isCI":false,"isPagesCI":false,"isWorkersCI":false,"isInteractive":false,"hasAssets":false,"argsUsed":[],"argsCombination":"","command":"wrangler deploy","args":{},"durationMs":689,"durationSeconds":0.689,"durationMinutes":0.011483333333333333,"errorType":"AuthenticationError"}}
---
