
--- 2026-09-01T05:24:33.885Z debug
🪵  Writing logs to "/home/user/.config/.wrangler/logs/wrangler-2026-09-01_05-24-33_788.log"
---

--- 2026-09-01T05:24:33.885Z debug
Metrics dispatcher: Posting data {"deviceId":"0a9a9264-be0c-4509-9b99-28a1eaf647a5","event":"wrangler command started","timestamp":1788240273884,"properties":{"amplitude_session_id":1788240273883,"amplitude_event_id":0,"wranglerVersion":"3.114.17","osPlatform":"Linux","osVersion":"#1 SMP PREEMPT_DYNAMIC Fri Jul 17 14:31:34 UTC 2026","nodeVersion":20,"packageManager":"npm","isFirstUsage":false,"configFileType":"toml","isCI":false,"isPagesCI":false,"isWorkersCI":false,"isInteractive":false,"hasAssets":false,"argsUsed":[],"argsCombination":"","command":"wrangler secret put","args":{}}}
---

--- 2026-09-01T05:24:33.893Z debug
.env file not found at ".env". Continuing... For more details, refer to https://developers.cloudflare.com/workers/wrangler/system-environment-variables/
---

--- 2026-09-01T05:24:33.936Z log

 ⛅️ wrangler 3.114.17 (update available 4.127.1)
------------------------------------------------

---

--- 2026-09-01T05:24:33.977Z warn
▲ [WARNING] The version of Wrangler you are using is now out-of-date.

  Please update to the latest version to prevent critical errors.
  Run `npm install --save-dev wrangler@4` to update to the latest version.
  After installation, run Wrangler with `npx wrangler`.


---

--- 2026-09-01T05:24:33.984Z log

---

--- 2026-09-01T05:24:33.985Z error
✘ [ERROR] In a non-interactive environment, it's necessary to set a CLOUDFLARE_API_TOKEN environment variable for wrangler to work. Please go to https://developers.cloudflare.com/fundamentals/api/get-started/create-token/ for instructions on how to create an api token, and assign its value to CLOUDFLARE_API_TOKEN.


---

--- 2026-09-01T05:24:33.985Z debug
Error: In a non-interactive environment, it's necessary to set a CLOUDFLARE_API_TOKEN environment variable for wrangler to work. Please go to https://developers.cloudflare.com/fundamentals/api/get-started/create-token/ for instructions on how to create an api token, and assign its value to CLOUDFLARE_API_TOKEN.
    at requireAuth (/home/user/digipoosh/cloudflare-worker/node_modules/wrangler/wrangler-dist/cli.js:92919:13)
    at async Object.handler (/home/user/digipoosh/cloudflare-worker/node_modules/wrangler/wrangler-dist/cli.js:129080:23)
    at async Object.handler (/home/user/digipoosh/cloudflare-worker/node_modules/wrangler/wrangler-dist/cli.js:115196:7)
---

--- 2026-09-01T05:24:33.986Z debug
Metrics dispatcher: Posting data {"deviceId":"0a9a9264-be0c-4509-9b99-28a1eaf647a5","event":"wrangler command errored","timestamp":1788240273986,"properties":{"amplitude_session_id":1788240273883,"amplitude_event_id":1,"wranglerVersion":"3.114.17","osPlatform":"Linux","osVersion":"#1 SMP PREEMPT_DYNAMIC Fri Jul 17 14:31:34 UTC 2026","nodeVersion":20,"packageManager":"npm","isFirstUsage":false,"configFileType":"toml","isCI":false,"isPagesCI":false,"isWorkersCI":false,"isInteractive":false,"hasAssets":false,"argsUsed":[],"argsCombination":"","command":"wrangler secret put","args":{},"durationMs":125,"durationSeconds":0.125,"durationMinutes":0.0020833333333333333,"errorType":"UserError"}}
---
