
--- 2026-09-01T05:29:20.189Z debug
🪵  Writing logs to "/home/user/.config/.wrangler/logs/wrangler-2026-09-01_05-29-20_086.log"
---

--- 2026-09-01T05:29:20.188Z debug
Metrics dispatcher: Posting data {"deviceId":"0a9a9264-be0c-4509-9b99-28a1eaf647a5","event":"wrangler command started","timestamp":1788240560188,"properties":{"amplitude_session_id":1788240560187,"amplitude_event_id":0,"wranglerVersion":"3.114.17","osPlatform":"Linux","osVersion":"#1 SMP PREEMPT_DYNAMIC Fri Jul 17 14:31:34 UTC 2026","nodeVersion":20,"packageManager":"npm","isFirstUsage":false,"configFileType":"toml","isCI":false,"isPagesCI":false,"isWorkersCI":false,"isInteractive":false,"hasAssets":false,"argsUsed":[],"argsCombination":"","command":"wrangler secret put","args":{}}}
---

--- 2026-09-01T05:29:20.197Z debug
.env file not found at ".env". Continuing... For more details, refer to https://developers.cloudflare.com/workers/wrangler/system-environment-variables/
---

--- 2026-09-01T05:29:20.238Z log

 ⛅️ wrangler 3.114.17 (update available 4.127.1)
------------------------------------------------

---

--- 2026-09-01T05:29:20.279Z warn
▲ [WARNING] The version of Wrangler you are using is now out-of-date.

  Please update to the latest version to prevent critical errors.
  Run `npm install --save-dev wrangler@4` to update to the latest version.
  After installation, run Wrangler with `npx wrangler`.


---

--- 2026-09-01T05:29:20.285Z debug
-- START CF API REQUEST: GET https://api.cloudflare.com/client/v4/memberships?page=1
---

--- 2026-09-01T05:29:20.286Z debug
HEADERS: omitted; set WRANGLER_LOG_SANITIZE=false to include sanitized data
---

--- 2026-09-01T05:29:20.286Z debug
INIT: omitted; set WRANGLER_LOG_SANITIZE=false to include sanitized data
---

--- 2026-09-01T05:29:20.286Z debug
-- END CF API REQUEST
---

--- 2026-09-01T05:29:20.408Z debug
-- START CF API RESPONSE: Forbidden 403
---

--- 2026-09-01T05:29:20.409Z debug
HEADERS: omitted; set WRANGLER_LOG_SANITIZE=false to include sanitized data
---

--- 2026-09-01T05:29:20.409Z debug
RESPONSE: omitted; set WRANGLER_LOG_SANITIZE=false to include sanitized data
---

--- 2026-09-01T05:29:20.409Z debug
-- END CF API RESPONSE
---

--- 2026-09-01T05:29:20.411Z log

---

--- 2026-09-01T05:29:20.424Z error
✘ [ERROR] A request to the Cloudflare API (/memberships) failed.

  Authentication error [code: 10000]
  To learn more about this error, visit: https://developers.cloudflare.com/api/resources/memberships/methods/list


---

--- 2026-09-01T05:29:20.424Z log
📎 It looks like you are authenticating Wrangler via a custom API token set in an environment variable.
Please ensure it has the correct permissions for this operation.

---

--- 2026-09-01T05:29:20.424Z log
Getting User settings...
---

--- 2026-09-01T05:29:20.425Z debug
-- START CF API REQUEST: GET https://api.cloudflare.com/client/v4/user/tokens/verify
---

--- 2026-09-01T05:29:20.425Z debug
HEADERS: omitted; set WRANGLER_LOG_SANITIZE=false to include sanitized data
---

--- 2026-09-01T05:29:20.425Z debug
INIT: omitted; set WRANGLER_LOG_SANITIZE=false to include sanitized data
---

--- 2026-09-01T05:29:20.425Z debug
-- END CF API REQUEST
---

--- 2026-09-01T05:29:20.524Z debug
-- START CF API RESPONSE: OK 200
---

--- 2026-09-01T05:29:20.529Z debug
HEADERS: omitted; set WRANGLER_LOG_SANITIZE=false to include sanitized data
---

--- 2026-09-01T05:29:20.529Z debug
RESPONSE: omitted; set WRANGLER_LOG_SANITIZE=false to include sanitized data
---

--- 2026-09-01T05:29:20.529Z debug
-- END CF API RESPONSE
---

--- 2026-09-01T05:29:20.530Z debug
-- START CF API REQUEST: GET https://api.cloudflare.com/client/v4/user
---

--- 2026-09-01T05:29:20.530Z debug
HEADERS: omitted; set WRANGLER_LOG_SANITIZE=false to include sanitized data
---

--- 2026-09-01T05:29:20.530Z debug
INIT: omitted; set WRANGLER_LOG_SANITIZE=false to include sanitized data
---

--- 2026-09-01T05:29:20.530Z debug
-- END CF API REQUEST
---

--- 2026-09-01T05:29:20.644Z debug
-- START CF API RESPONSE: Forbidden 403
---

--- 2026-09-01T05:29:20.644Z debug
HEADERS: omitted; set WRANGLER_LOG_SANITIZE=false to include sanitized data
---

--- 2026-09-01T05:29:20.644Z debug
RESPONSE: omitted; set WRANGLER_LOG_SANITIZE=false to include sanitized data
---

--- 2026-09-01T05:29:20.644Z debug
-- END CF API RESPONSE
---

--- 2026-09-01T05:29:20.644Z debug
-- START CF API REQUEST: GET https://api.cloudflare.com/client/v4/accounts?page=1
---

--- 2026-09-01T05:29:20.644Z debug
HEADERS: omitted; set WRANGLER_LOG_SANITIZE=false to include sanitized data
---

--- 2026-09-01T05:29:20.644Z debug
INIT: omitted; set WRANGLER_LOG_SANITIZE=false to include sanitized data
---

--- 2026-09-01T05:29:20.644Z debug
-- END CF API REQUEST
---

--- 2026-09-01T05:29:20.785Z debug
-- START CF API RESPONSE: OK 200
---

--- 2026-09-01T05:29:20.785Z debug
HEADERS: omitted; set WRANGLER_LOG_SANITIZE=false to include sanitized data
---

--- 2026-09-01T05:29:20.785Z debug
RESPONSE: omitted; set WRANGLER_LOG_SANITIZE=false to include sanitized data
---

--- 2026-09-01T05:29:20.785Z debug
-- END CF API RESPONSE
---

--- 2026-09-01T05:29:20.786Z log
ℹ️  The API Token is read from the CLOUDFLARE_API_TOKEN environment variable.
---

--- 2026-09-01T05:29:20.786Z log
👋 You are logged in with an User API Token. Unable to retrieve email for this user. Are you missing the `User->User Details->Read` permission?
---

--- 2026-09-01T05:29:20.790Z log
┌───────────────────────────────┬──────────────────────────────────┐
│ Account Name                  │ Account ID                       │
├───────────────────────────────┼──────────────────────────────────┤
│ Phaaslani@gmail.com's Account │ 7984a6a0a07a0841e6b088ee580fe4be │
└───────────────────────────────┴──────────────────────────────────┘
---

--- 2026-09-01T05:29:20.790Z log
🔓 To see token permissions visit https://dash.cloudflare.com/profile/api-tokens.
---

--- 2026-09-01T05:29:20.791Z debug
Metrics dispatcher: Posting data {"deviceId":"0a9a9264-be0c-4509-9b99-28a1eaf647a5","event":"wrangler command errored","timestamp":1788240560791,"properties":{"amplitude_session_id":1788240560187,"amplitude_event_id":1,"wranglerVersion":"3.114.17","osPlatform":"Linux","osVersion":"#1 SMP PREEMPT_DYNAMIC Fri Jul 17 14:31:34 UTC 2026","nodeVersion":20,"packageManager":"npm","isFirstUsage":false,"configFileType":"toml","isCI":false,"isPagesCI":false,"isWorkersCI":false,"isInteractive":false,"hasAssets":false,"argsUsed":[],"argsCombination":"","command":"wrangler secret put","args":{},"durationMs":627,"durationSeconds":0.627,"durationMinutes":0.01045,"errorType":"AuthenticationError"}}
---
